running egg_info
creating ../../build/my_robot_description/my_robot_description.egg-info
writing ../../build/my_robot_description/my_robot_description.egg-info/PKG-INFO
writing dependency_links to ../../build/my_robot_description/my_robot_description.egg-info/dependency_links.txt
writing requirements to ../../build/my_robot_description/my_robot_description.egg-info/requires.txt
writing top-level names to ../../build/my_robot_description/my_robot_description.egg-info/top_level.txt
writing manifest file '../../build/my_robot_description/my_robot_description.egg-info/SOURCES.txt'
reading manifest file '../../build/my_robot_description/my_robot_description.egg-info/SOURCES.txt'
writing manifest file '../../build/my_robot_description/my_robot_description.egg-info/SOURCES.txt'
running build
running build_py
creating /home/ubu/PDE4430_WS/build/my_robot_description/build
creating /home/ubu/PDE4430_WS/build/my_robot_description/build/lib
creating /home/ubu/PDE4430_WS/build/my_robot_description/build/lib/my_robot_description
copying my_robot_description/__init__.py -> /home/ubu/PDE4430_WS/build/my_robot_description/build/lib/my_robot_description
running install
running install_lib
creating /home/ubu/PDE4430_WS/install/my_robot_description/lib/python3.12/site-packages/my_robot_description
copying /home/ubu/PDE4430_WS/build/my_robot_description/build/lib/my_robot_description/__init__.py -> /home/ubu/PDE4430_WS/install/my_robot_description/lib/python3.12/site-packages/my_robot_description
byte-compiling /home/ubu/PDE4430_WS/install/my_robot_description/lib/python3.12/site-packages/my_robot_description/__init__.py to __init__.cpython-312.pyc
running install_data
creating /home/ubu/PDE4430_WS/install/my_robot_description/share
creating /home/ubu/PDE4430_WS/install/my_robot_description/share/ament_index
creating /home/ubu/PDE4430_WS/install/my_robot_description/share/ament_index/resource_index
creating /home/ubu/PDE4430_WS/install/my_robot_description/share/ament_index/resource_index/packages
copying resource/my_robot_description -> /home/ubu/PDE4430_WS/install/my_robot_description/share/ament_index/resource_index/packages
creating /home/ubu/PDE4430_WS/install/my_robot_description/share/my_robot_description
copying package.xml -> /home/ubu/PDE4430_WS/install/my_robot_description/share/my_robot_description
creating /home/ubu/PDE4430_WS/install/my_robot_description/share/my_robot_description/launch
copying launch/gazebo_slam.launch.py -> /home/ubu/PDE4430_WS/install/my_robot_description/share/my_robot_description/launch
copying launch/rviz_slam.launch.py -> /home/ubu/PDE4430_WS/install/my_robot_description/share/my_robot_description/launch
copying launch/gazebo.launch.py -> /home/ubu/PDE4430_WS/install/my_robot_description/share/my_robot_description/launch
copying launch/display.launch.py -> /home/ubu/PDE4430_WS/install/my_robot_description/share/my_robot_description/launch
creating /home/ubu/PDE4430_WS/install/my_robot_description/share/my_robot_description/urdf
copying urdf/materials.xacro -> /home/ubu/PDE4430_WS/install/my_robot_description/share/my_robot_description/urdf
copying urdf/My_Robot.xacro -> /home/ubu/PDE4430_WS/install/my_robot_description/share/my_robot_description/urdf
copying urdf/My_Robot.ros2control -> /home/ubu/PDE4430_WS/install/my_robot_description/share/my_robot_description/urdf
copying urdf/My_Robot.gazebo -> /home/ubu/PDE4430_WS/install/my_robot_description/share/my_robot_description/urdf
creating /home/ubu/PDE4430_WS/install/my_robot_description/share/my_robot_description/meshes
copying meshes/base_link.stl -> /home/ubu/PDE4430_WS/install/my_robot_description/share/my_robot_description/meshes
copying meshes/right_wheel_1.stl -> /home/ubu/PDE4430_WS/install/my_robot_description/share/my_robot_description/meshes
copying meshes/lidar_1.stl -> /home/ubu/PDE4430_WS/install/my_robot_description/share/my_robot_description/meshes
copying meshes/left_wheel_1.stl -> /home/ubu/PDE4430_WS/install/my_robot_description/share/my_robot_description/meshes
creating /home/ubu/PDE4430_WS/install/my_robot_description/share/my_robot_description/config
copying config/display.rviz -> /home/ubu/PDE4430_WS/install/my_robot_description/share/my_robot_description/config
copying config/gazebo.rviz -> /home/ubu/PDE4430_WS/install/my_robot_description/share/my_robot_description/config
copying config/ros_gz_bridge_gazebo.yaml -> /home/ubu/PDE4430_WS/install/my_robot_description/share/my_robot_description/config
running install_egg_info
Copying ../../build/my_robot_description/my_robot_description.egg-info to /home/ubu/PDE4430_WS/install/my_robot_description/lib/python3.12/site-packages/my_robot_description-0.0.0-py3.12.egg-info
running install_scripts
writing list of installed files to '/home/ubu/PDE4430_WS/build/my_robot_description/install.log'
