[0.347s] Invoking command in '/home/ubu/PDE4430_WS/src/My_Robot': DEBUGINFOD_URLS=https://debuginfod.ubuntu.com PYTHONPATH=/home/ubu/PDE4430_WS/build/my_robot_description/prefix_override:/usr/lib/python3/dist-packages/colcon_core/task/python/colcon_distutils_commands:/home/ubu/PDE4430_WS/install/my_robot_description/lib/python3.12/site-packages:${PYTHONPATH} /usr/bin/python3 -W ignore:setup.py install is deprecated -W ignore:easy_install command is deprecated setup.py egg_info --egg-base ../../build/my_robot_description build --build-base /home/ubu/PDE4430_WS/build/my_robot_description/build install --record /home/ubu/PDE4430_WS/build/my_robot_description/install.log --single-version-externally-managed install_data
[0.466s] running egg_info
[0.473s] writing ../../build/my_robot_description/my_robot_description.egg-info/PKG-INFO
[0.473s] writing dependency_links to ../../build/my_robot_description/my_robot_description.egg-info/dependency_links.txt
[0.473s] writing requirements to ../../build/my_robot_description/my_robot_description.egg-info/requires.txt
[0.473s] writing top-level names to ../../build/my_robot_description/my_robot_description.egg-info/top_level.txt
[0.488s] reading manifest file '../../build/my_robot_description/my_robot_description.egg-info/SOURCES.txt'
[0.488s] writing manifest file '../../build/my_robot_description/my_robot_description.egg-info/SOURCES.txt'
[0.488s] running build
[0.488s] running build_py
[0.488s] running install
[0.491s] running install_lib
[0.498s] running install_data
[0.498s] copying launch/OLD_gazebo_slam.launch.py -> /home/ubu/PDE4430_WS/install/my_robot_description/share/my_robot_description/launch
[0.498s] copying launch/slam_gazebo.launch.py -> /home/ubu/PDE4430_WS/install/my_robot_description/share/my_robot_description/launch
[0.499s] running install_egg_info
[0.506s] removing '/home/ubu/PDE4430_WS/install/my_robot_description/lib/python3.12/site-packages/my_robot_description-0.0.0-py3.12.egg-info' (and everything under it)
[0.506s] Copying ../../build/my_robot_description/my_robot_description.egg-info to /home/ubu/PDE4430_WS/install/my_robot_description/lib/python3.12/site-packages/my_robot_description-0.0.0-py3.12.egg-info
[0.507s] running install_scripts
[0.562s] writing list of installed files to '/home/ubu/PDE4430_WS/build/my_robot_description/install.log'
[0.573s] Invoked command in '/home/ubu/PDE4430_WS/src/My_Robot' returned '0': DEBUGINFOD_URLS=https://debuginfod.ubuntu.com PYTHONPATH=/home/ubu/PDE4430_WS/build/my_robot_description/prefix_override:/usr/lib/python3/dist-packages/colcon_core/task/python/colcon_distutils_commands:/home/ubu/PDE4430_WS/install/my_robot_description/lib/python3.12/site-packages:${PYTHONPATH} /usr/bin/python3 -W ignore:setup.py install is deprecated -W ignore:easy_install command is deprecated setup.py egg_info --egg-base ../../build/my_robot_description build --build-base /home/ubu/PDE4430_WS/build/my_robot_description/build install --record /home/ubu/PDE4430_WS/build/my_robot_description/install.log --single-version-externally-managed install_data
