[0.008s] Invoking command in '/home/ubu/PDE4430_WS/build/assessment_world': CMAKE_PREFIX_PATH=${CMAKE_PREFIX_PATH}:/home/ubu/PDE4430_WS/install/my_robot_description:/home/ubu/turtlebot3_ws/install/turtlebot3_teleop:/home/ubu/turtlebot3_ws/install/turtlebot3_example:/opt/ros/jazzy DEBUGINFOD_URLS=https://debuginfod.ubuntu.com /usr/bin/cmake /home/ubu/PDE4430_WS/src/ros2_assessment_world-main -DCMAKE_INSTALL_PREFIX=/home/ubu/PDE4430_WS/install/assessment_world
[0.074s] -- The C compiler identification is GNU 13.3.0
[0.133s] -- The CXX compiler identification is GNU 13.3.0
[0.147s] -- Detecting C compiler ABI info
[0.202s] -- Detecting C compiler ABI info - done
[0.210s] -- Check for working C compiler: /usr/bin/cc - skipped
[0.210s] -- Detecting C compile features
[0.211s] -- Detecting C compile features - done
[0.217s] -- Detecting CXX compiler ABI info
[0.277s] -- Detecting CXX compiler ABI info - done
[0.281s] -- Check for working CXX compiler: /usr/bin/c++ - skipped
[0.281s] -- Detecting CXX compile features
[0.281s] -- Detecting CXX compile features - done
[0.285s] -- Found ament_cmake: 2.5.4 (/opt/ros/jazzy/share/ament_cmake/cmake)
[0.382s] -- Found Python3: /usr/bin/python3 (found version "3.12.3") found components: Interpreter 
[0.458s] -- Found ament_lint_auto: 0.17.3 (/opt/ros/jazzy/share/ament_lint_auto/cmake)
[0.503s] -- Configuring done (0.5s)
[0.504s] -- Generating done (0.0s)
[0.504s] -- Build files have been written to: /home/ubu/PDE4430_WS/build/assessment_world
[0.507s] Invoked command in '/home/ubu/PDE4430_WS/build/assessment_world' returned '0': CMAKE_PREFIX_PATH=${CMAKE_PREFIX_PATH}:/home/ubu/PDE4430_WS/install/my_robot_description:/home/ubu/turtlebot3_ws/install/turtlebot3_teleop:/home/ubu/turtlebot3_ws/install/turtlebot3_example:/opt/ros/jazzy DEBUGINFOD_URLS=https://debuginfod.ubuntu.com /usr/bin/cmake /home/ubu/PDE4430_WS/src/ros2_assessment_world-main -DCMAKE_INSTALL_PREFIX=/home/ubu/PDE4430_WS/install/assessment_world
[0.508s] Invoking command in '/home/ubu/PDE4430_WS/build/assessment_world': CMAKE_PREFIX_PATH=${CMAKE_PREFIX_PATH}:/home/ubu/PDE4430_WS/install/my_robot_description:/home/ubu/turtlebot3_ws/install/turtlebot3_teleop:/home/ubu/turtlebot3_ws/install/turtlebot3_example:/opt/ros/jazzy DEBUGINFOD_URLS=https://debuginfod.ubuntu.com /usr/bin/cmake --build /home/ubu/PDE4430_WS/build/assessment_world -- -j32 -l32
[0.535s] Invoked command in '/home/ubu/PDE4430_WS/build/assessment_world' returned '0': CMAKE_PREFIX_PATH=${CMAKE_PREFIX_PATH}:/home/ubu/PDE4430_WS/install/my_robot_description:/home/ubu/turtlebot3_ws/install/turtlebot3_teleop:/home/ubu/turtlebot3_ws/install/turtlebot3_example:/opt/ros/jazzy DEBUGINFOD_URLS=https://debuginfod.ubuntu.com /usr/bin/cmake --build /home/ubu/PDE4430_WS/build/assessment_world -- -j32 -l32
[0.541s] Invoking command in '/home/ubu/PDE4430_WS/build/assessment_world': CMAKE_PREFIX_PATH=${CMAKE_PREFIX_PATH}:/home/ubu/PDE4430_WS/install/my_robot_description:/home/ubu/turtlebot3_ws/install/turtlebot3_teleop:/home/ubu/turtlebot3_ws/install/turtlebot3_example:/opt/ros/jazzy DEBUGINFOD_URLS=https://debuginfod.ubuntu.com /usr/bin/cmake --install /home/ubu/PDE4430_WS/build/assessment_world
[0.546s] -- Install configuration: ""
[0.546s] -- Installing: /home/ubu/PDE4430_WS/install/assessment_world/share/assessment_world//worlds
[0.547s] -- Installing: /home/ubu/PDE4430_WS/install/assessment_world/share/assessment_world//worlds/assessment.sdf
[0.547s] -- Installing: /home/ubu/PDE4430_WS/install/assessment_world/share/assessment_world//launch
[0.547s] -- Installing: /home/ubu/PDE4430_WS/install/assessment_world/share/assessment_world//launch/spawn_spheres.launch.py
[0.547s] -- Installing: /home/ubu/PDE4430_WS/install/assessment_world/share/assessment_world//launch/assessment_complete.launch.py
[0.547s] -- Installing: /home/ubu/PDE4430_WS/install/assessment_world/share/assessment_world//launch/assessment_world.launch.py
[0.547s] -- Installing: /home/ubu/PDE4430_WS/install/assessment_world/lib/assessment_world/spawn_spheres.py
[0.547s] -- Installing: /home/ubu/PDE4430_WS/install/assessment_world/share/ament_index/resource_index/package_run_dependencies/assessment_world
[0.547s] -- Installing: /home/ubu/PDE4430_WS/install/assessment_world/share/ament_index/resource_index/parent_prefix_path/assessment_world
[0.547s] -- Installing: /home/ubu/PDE4430_WS/install/assessment_world/share/assessment_world/environment/ament_prefix_path.sh
[0.547s] -- Installing: /home/ubu/PDE4430_WS/install/assessment_world/share/assessment_world/environment/ament_prefix_path.dsv
[0.547s] -- Installing: /home/ubu/PDE4430_WS/install/assessment_world/share/assessment_world/environment/path.sh
[0.548s] -- Installing: /home/ubu/PDE4430_WS/install/assessment_world/share/assessment_world/environment/path.dsv
[0.548s] -- Installing: /home/ubu/PDE4430_WS/install/assessment_world/share/assessment_world/local_setup.bash
[0.548s] -- Installing: /home/ubu/PDE4430_WS/install/assessment_world/share/assessment_world/local_setup.sh
[0.548s] -- Installing: /home/ubu/PDE4430_WS/install/assessment_world/share/assessment_world/local_setup.zsh
[0.548s] -- Installing: /home/ubu/PDE4430_WS/install/assessment_world/share/assessment_world/local_setup.dsv
[0.548s] -- Installing: /home/ubu/PDE4430_WS/install/assessment_world/share/assessment_world/package.dsv
[0.548s] -- Installing: /home/ubu/PDE4430_WS/install/assessment_world/share/ament_index/resource_index/packages/assessment_world
[0.548s] -- Installing: /home/ubu/PDE4430_WS/install/assessment_world/share/assessment_world/cmake/assessment_worldConfig.cmake
[0.548s] -- Installing: /home/ubu/PDE4430_WS/install/assessment_world/share/assessment_world/cmake/assessment_worldConfig-version.cmake
[0.548s] -- Installing: /home/ubu/PDE4430_WS/install/assessment_world/share/assessment_world/package.xml
[0.549s] Invoked command in '/home/ubu/PDE4430_WS/build/assessment_world' returned '0': CMAKE_PREFIX_PATH=${CMAKE_PREFIX_PATH}:/home/ubu/PDE4430_WS/install/my_robot_description:/home/ubu/turtlebot3_ws/install/turtlebot3_teleop:/home/ubu/turtlebot3_ws/install/turtlebot3_example:/opt/ros/jazzy DEBUGINFOD_URLS=https://debuginfod.ubuntu.com /usr/bin/cmake --install /home/ubu/PDE4430_WS/build/assessment_world
