-- Install configuration: ""
-- Up-to-date: /home/ubu/PDE4430_WS/install/assessment_world/share/assessment_world//worlds
-- Up-to-date: /home/ubu/PDE4430_WS/install/assessment_world/share/assessment_world//worlds/assessment.sdf
-- Up-to-date: /home/ubu/PDE4430_WS/install/assessment_world/share/assessment_world//launch
-- Up-to-date: /home/ubu/PDE4430_WS/install/assessment_world/share/assessment_world//launch/spawn_spheres.launch.py
-- Up-to-date: /home/ubu/PDE4430_WS/install/assessment_world/share/assessment_world//launch/assessment_complete.launch.py
-- Up-to-date: /home/ubu/PDE4430_WS/install/assessment_world/share/assessment_world//launch/assessment_world.launch.py
-- Up-to-date: /home/ubu/PDE4430_WS/install/assessment_world/lib/assessment_world/spawn_spheres.py
-- Up-to-date: /home/ubu/PDE4430_WS/install/assessment_world/share/ament_index/resource_index/package_run_dependencies/assessment_world
-- Up-to-date: /home/ubu/PDE4430_WS/install/assessment_world/share/ament_index/resource_index/parent_prefix_path/assessment_world
-- Up-to-date: /home/ubu/PDE4430_WS/install/assessment_world/share/assessment_world/environment/ament_prefix_path.sh
-- Up-to-date: /home/ubu/PDE4430_WS/install/assessment_world/share/assessment_world/environment/ament_prefix_path.dsv
-- Up-to-date: /home/ubu/PDE4430_WS/install/assessment_world/share/assessment_world/environment/path.sh
-- Up-to-date: /home/ubu/PDE4430_WS/install/assessment_world/share/assessment_world/environment/path.dsv
-- Up-to-date: /home/ubu/PDE4430_WS/install/assessment_world/share/assessment_world/local_setup.bash
-- Up-to-date: /home/ubu/PDE4430_WS/install/assessment_world/share/assessment_world/local_setup.sh
-- Up-to-date: /home/ubu/PDE4430_WS/install/assessment_world/share/assessment_world/local_setup.zsh
-- Up-to-date: /home/ubu/PDE4430_WS/install/assessment_world/share/assessment_world/local_setup.dsv
-- Installing: /home/ubu/PDE4430_WS/install/assessment_world/share/assessment_world/package.dsv
-- Up-to-date: /home/ubu/PDE4430_WS/install/assessment_world/share/ament_index/resource_index/packages/assessment_world
-- Up-to-date: /home/ubu/PDE4430_WS/install/assessment_world/share/assessment_world/cmake/assessment_worldConfig.cmake
-- Up-to-date: /home/ubu/PDE4430_WS/install/assessment_world/share/assessment_world/cmake/assessment_worldConfig-version.cmake
-- Up-to-date: /home/ubu/PDE4430_WS/install/assessment_world/share/assessment_world/package.xml
