/home/ubu/PDE4430_WS/install/my_robot_description/lib/python3.12/site-packages/my_robot_description/__init__.py
/home/ubu/PDE4430_WS/install/my_robot_description/lib/python3.12/site-packages/my_robot_description/__pycache__/__init__.cpython-312.pyc
/home/ubu/PDE4430_WS/install/my_robot_description/share/ament_index/resource_index/packages/my_robot_description
/home/ubu/PDE4430_WS/install/my_robot_description/share/my_robot_description/package.xml
/home/ubu/PDE4430_WS/install/my_robot_description/share/my_robot_description/launch/OLD_gazebo_slam.launch.py
/home/ubu/PDE4430_WS/install/my_robot_description/share/my_robot_description/launch/start.launch.py
/home/ubu/PDE4430_WS/install/my_robot_description/share/my_robot_description/launch/slam_gazebo.launch.py
/home/ubu/PDE4430_WS/install/my_robot_description/share/my_robot_description/launch/rviz_slam.launch.py
/home/ubu/PDE4430_WS/install/my_robot_description/share/my_robot_description/launch/gazebo.launch.py
/home/ubu/PDE4430_WS/install/my_robot_description/share/my_robot_description/launch/display.launch.py
/home/ubu/PDE4430_WS/install/my_robot_description/share/my_robot_description/urdf/materials.xacro
/home/ubu/PDE4430_WS/install/my_robot_description/share/my_robot_description/urdf/My_Robot.xacro
/home/ubu/PDE4430_WS/install/my_robot_description/share/my_robot_description/urdf/My_Robot.ros2control
/home/ubu/PDE4430_WS/install/my_robot_description/share/my_robot_description/urdf/My_Robot.gazebo
/home/ubu/PDE4430_WS/install/my_robot_description/share/my_robot_description/meshes/base_link.stl
/home/ubu/PDE4430_WS/install/my_robot_description/share/my_robot_description/meshes/right_wheel_1.stl
/home/ubu/PDE4430_WS/install/my_robot_description/share/my_robot_description/meshes/lidar_1.stl
/home/ubu/PDE4430_WS/install/my_robot_description/share/my_robot_description/meshes/left_wheel_1.stl
/home/ubu/PDE4430_WS/install/my_robot_description/share/my_robot_description/config/display.rviz
/home/ubu/PDE4430_WS/install/my_robot_description/share/my_robot_description/config/gazebo.rviz
/home/ubu/PDE4430_WS/install/my_robot_description/share/my_robot_description/config/mapper_params_online_async.yaml
/home/ubu/PDE4430_WS/install/my_robot_description/share/my_robot_description/config/ros_gz_bridge_gazebo.yaml
/home/ubu/PDE4430_WS/install/my_robot_description/share/my_robot_description/worlds/ugv_slam_world.sdf
/home/ubu/PDE4430_WS/install/my_robot_description/lib/python3.12/site-packages/my_robot_description-0.0.0-py3.12.egg-info/SOURCES.txt
/home/ubu/PDE4430_WS/install/my_robot_description/lib/python3.12/site-packages/my_robot_description-0.0.0-py3.12.egg-info/zip-safe
/home/ubu/PDE4430_WS/install/my_robot_description/lib/python3.12/site-packages/my_robot_description-0.0.0-py3.12.egg-info/top_level.txt
/home/ubu/PDE4430_WS/install/my_robot_description/lib/python3.12/site-packages/my_robot_description-0.0.0-py3.12.egg-info/PKG-INFO
/home/ubu/PDE4430_WS/install/my_robot_description/lib/python3.12/site-packages/my_robot_description-0.0.0-py3.12.egg-info/dependency_links.txt
/home/ubu/PDE4430_WS/install/my_robot_description/lib/python3.12/site-packages/my_robot_description-0.0.0-py3.12.egg-info/requires.txt
