[0.342s] Invoking command in '/home/ubu/PDE4430_WS/src/My_Robot': DEBUGINFOD_URLS=https://debuginfod.ubuntu.com PYTHONPATH=/home/ubu/PDE4430_WS/build/my_robot_description/prefix_override:/usr/lib/python3/dist-packages/colcon_core/task/python/colcon_distutils_commands:/home/ubu/PDE4430_WS/install/my_robot_description/lib/python3.12/site-packages:${PYTHONPATH} /usr/bin/python3 -W ignore:setup.py install is deprecated -W ignore:easy_install command is deprecated setup.py egg_info --egg-base ../../build/my_robot_description build --build-base /home/ubu/PDE4430_WS/build/my_robot_description/build install --record /home/ubu/PDE4430_WS/build/my_robot_description/install.log --single-version-externally-managed install_data
[0.462s] running egg_info
[0.469s] writing ../../build/my_robot_description/my_robot_description.egg-info/PKG-INFO
[0.470s] writing dependency_links to ../../build/my_robot_description/my_robot_description.egg-info/dependency_links.txt
[0.470s] writing requirements to ../../build/my_robot_description/my_robot_description.egg-info/requires.txt
[0.470s] writing top-level names to ../../build/my_robot_description/my_robot_description.egg-info/top_level.txt
[0.484s] reading manifest file '../../build/my_robot_description/my_robot_description.egg-info/SOURCES.txt'
[0.484s] writing manifest file '../../build/my_robot_description/my_robot_description.egg-info/SOURCES.txt'
[0.484s] running build
[0.485s] running build_py
[0.485s] running install
[0.487s] running install_lib
[0.495s] running install_data
[0.495s] copying package.xml -> /home/ubu/PDE4430_WS/install/my_robot_description/share/my_robot_description
[0.495s] running install_egg_info
[0.503s] removing '/home/ubu/PDE4430_WS/install/my_robot_description/lib/python3.12/site-packages/my_robot_description-0.0.0-py3.12.egg-info' (and everything under it)
[0.503s] Copying ../../build/my_robot_description/my_robot_description.egg-info to /home/ubu/PDE4430_WS/install/my_robot_description/lib/python3.12/site-packages/my_robot_description-0.0.0-py3.12.egg-info
[0.503s] running install_scripts
[0.558s] writing list of installed files to '/home/ubu/PDE4430_WS/build/my_robot_description/install.log'
[0.570s] Invoked command in '/home/ubu/PDE4430_WS/src/My_Robot' returned '0': DEBUGINFOD_URLS=https://debuginfod.ubuntu.com PYTHONPATH=/home/ubu/PDE4430_WS/build/my_robot_description/prefix_override:/usr/lib/python3/dist-packages/colcon_core/task/python/colcon_distutils_commands:/home/ubu/PDE4430_WS/install/my_robot_description/lib/python3.12/site-packages:${PYTHONPATH} /usr/bin/python3 -W ignore:setup.py install is deprecated -W ignore:easy_install command is deprecated setup.py egg_info --egg-base ../../build/my_robot_description build --build-base /home/ubu/PDE4430_WS/build/my_robot_description/build install --record /home/ubu/PDE4430_WS/build/my_robot_description/install.log --single-version-externally-managed install_data
